[debug] [2026-08-29T08:54:27.912Z] ----------------------------------------------------------------------
[debug] [2026-08-29T08:54:27.913Z] Command:       /usr/local/bin/node /usr/local/bin/firebase init
[debug] [2026-08-29T08:54:27.914Z] CLI Version:   15.28.2
[debug] [2026-08-29T08:54:27.914Z] Platform:      darwin
[debug] [2026-08-29T08:54:27.914Z] Node Version:  v24.14.1
[debug] [2026-08-29T08:54:27.914Z] Detected Agent: unknown
[debug] [2026-08-29T08:54:27.914Z] Time:          Sat Aug 29 2026 15:54:27 GMT+0700 (Indochina Time)
[debug] [2026-08-29T08:54:27.914Z] ----------------------------------------------------------------------
[debug] 
[info] 
     ######## #### ########  ######## ########     ###     ######  ########
     ##        ##  ##     ## ##       ##     ##  ##   ##  ##       ##
     ######    ##  ########  ######   ########  #########  ######  ######
     ##        ##  ##    ##  ##       ##     ## ##     ##       ## ##
     ##       #### ##     ## ######## ########  ##     ##  ######  ########

You're about to initialize a Firebase project in this directory:

  /Users/pongsathonwongondee/Work/gold/gold-platform

[info] 
=== Project Setup
[info] 
[info] First, let's associate this project directory with a Firebase project.
[info] You can create multiple project aliases by running firebase use --add, 
[info] 
[debug] [2026-08-29T08:54:53.948Z] > command requires scopes: ["email","openid","https://www.googleapis.com/auth/cloudplatformprojects.readonly","https://www.googleapis.com/auth/firebase","https://www.googleapis.com/auth/cloud-platform"]
[debug] [2026-08-29T08:54:53.948Z] > authorizing via signed-in user (pongsathonwongondee@gmail.com)
[debug] [2026-08-29T08:54:53.959Z] Checked if tokens are valid: true, expires at: 1787997241101
[debug] [2026-08-29T08:54:53.959Z] Checked if tokens are valid: true, expires at: 1787997241101
[debug] [2026-08-29T08:54:53.960Z] >>> [apiv2][query] GET https://firebase.googleapis.com/v1beta1/projects pageSize=100
[debug] [2026-08-29T08:54:54.834Z] <<< [apiv2][status] GET https://firebase.googleapis.com/v1beta1/projects 200
[debug] [2026-08-29T08:54:54.834Z] <<< [apiv2][body] GET https://firebase.googleapis.com/v1beta1/projects [omitted]
[info] 
=== Hosting Setup
[debug] [2026-08-29T08:54:58.572Z] Checked if tokens are valid: true, expires at: 1787997241101
[debug] [2026-08-29T08:54:58.572Z] Checked if tokens are valid: true, expires at: 1787997241101
[debug] [2026-08-29T08:54:58.572Z] >>> [apiv2][query] GET https://firebase.googleapis.com/v1beta1/projects/gold-platform-e70a3 [none]
[debug] [2026-08-29T08:54:59.024Z] <<< [apiv2][status] GET https://firebase.googleapis.com/v1beta1/projects/gold-platform-e70a3 200
[debug] [2026-08-29T08:54:59.025Z] <<< [apiv2][body] GET https://firebase.googleapis.com/v1beta1/projects/gold-platform-e70a3 {"projectId":"gold-platform-e70a3","projectNumber":"1035698428901","displayName":"gold-platform","name":"projects/gold-platform-e70a3","resources":{"hostingSite":"gold-platform-e70a3"},"state":"ACTIVE","labels":{"firebase":"enabled"},"etag":"1_5dd2192d-481e-4dd1-bbbf-7fc3c4a56440"}
[info] 
[info] Your public directory is the folder (relative to your project directory) that
[info] will contain Hosting assets to be uploaded with firebase deploy. If you
[info] have a build process for your assets, use your build's output directory.
[info] 
[info] 
[info] i  Detected a .git folder at /Users/pongsathonwongondee/Work/gold/gold-platform 
[info] i  Authorizing with GitHub to upload your service account to a GitHub repository's secrets store. 
[info] 
[info] Visit this URL on this device to log in:
[info] https://github.com/login/oauth/authorize?client_id=89cf50f02ac6aaed3484&state=53719147&redirect_uri=http%3A%2F%2Flocalhost%3A9005&scope=read%3Auser%20repo%20public_repo
[info] 
[info] Waiting for authentication...
